// Jest Snapshot v1, https://goo.gl/fbAQLP

exports[`Testing Cards component renders without crashing 1`] = `
<DocumentFragment>
  <div
    class="d-flex flex-wrap"
  />
</DocumentFragment>
`;
