// Jest Snapshot v1, https://goo.gl/fbAQLP

exports[`Testing Details component renders without crashing 1`] = `
<DocumentFragment>
  <div
    class="container d-flex justify-content-center"
  >
    <div
      class="d-flex justify-content-center"
    >
      <div
        class="spinner-border text-primary"
        role="status"
      >
        <span
          class="sr-only"
        >
          Loading...
        </span>
      </div>
    </div>
  </div>
</DocumentFragment>
`;
