// Jest Snapshot v1, https://goo.gl/fbAQLP

exports[`Testing Header component renders without crashing 1`] = `
<DocumentFragment>
  <div
    class="container"
  >
    <nav
      class="navbar navbar-expand-lg navbar-light bg-light"
    >
      <button
        aria-controls="navbarNav"
        aria-expanded="false"
        aria-label="Toggle navigation"
        class="navbar-toggler"
        data-target="#navbarNav"
        data-toggle="collapse"
        type="button"
      >
        <span
          class="navbar-toggler-icon"
        />
      </button>
      <div
        class="collapse navbar-collapse"
        id="navbarNav"
      >
        <ul
          class="navbar-nav"
        >
          <li
            class="nav-item"
          >
            <a
              aria-current="page"
              class="nav-link active"
              href="/"
            >
              Home
            </a>
          </li>
          <li
            class="nav-item"
          >
            <a
              class="nav-link"
              href="/about"
            >
              About
            </a>
          </li>
        </ul>
      </div>
    </nav>
  </div>
</DocumentFragment>
`;
