// Jest Snapshot v1, https://goo.gl/fbAQLP

exports[`Testing Spinner component renders without crashing 1`] = `
<DocumentFragment>
  <div
    class="d-flex justify-content-center"
  >
    <div
      class="spinner-border text-primary"
      role="status"
    >
      <span
        class="sr-only"
      >
        Loading...
      </span>
    </div>
  </div>
</DocumentFragment>
`;
